SQL> select ename from emp where deptno in(select deptno from emp where deptno=20);
select ename from emp where deptno in(select deptno from emp where deptno=20)
                            *
ERROR at line 1:
ORA-00904: "DEPTNO": invalid identifier 


SQL> select ename from emp where deptno=20;
select ename from emp where deptno=20
                            *
ERROR at line 1:
ORA-00904: "DEPTNO": invalid identifier 


SQL> select * from emp;

no rows selected

SQL> conn vinod
ERROR:
ORA-01017: invalid username/password; logon denied 


Warning: You are no longer connected to ORACLE.
SQL> select * from all_users;
SP2-0640: Not connected
SQL> conn system
Connected.
SQL> select ename from emp where deptno=20;

ENAME                                                                           
----------                                                                      
SMITH                                                                           
JONES                                                                           
SCOTT                                                                           
ADAMS                                                                           
FORD                                                                            

SQL> 
SQL> select ename,sal from emp where deptno=20;

ENAME             SAL                                                           
---------- ----------                                                           
SMITH             800                                                           
JONES            2975                                                           
SCOTT            3000                                                           
ADAMS            1100                                                           
FORD             3000                                                           

SQL> select ename,job,salary from emp where not in(select * from emp where e.empno=q.mgr)
  2  .
SQL> ed
Wrote file afiedt.buf

  1* select ename,job,salary from emp e where exists(select * from emp q where e.empno=q.mgr)
SQL> /
select ename,job,salary from emp e where exists(select * from emp q where e.empno=q.mgr)
                 *
ERROR at line 1:
ORA-00904: "SALARY": invalid identifier 


SQL> ed
Wrote file afiedt.buf

  1* select ename,job,sal from emp e where exists(select * from emp q where e.empno=q.mgr)
SQL> /

ENAME      JOB              SAL                                                 
---------- --------- ----------                                                 
                                                                                
JONES      MANAGER         2975                                                 
BLAKE      MANAGER         2850                                                 
CLARK      MANAGER         2450                                                 
SCOTT      ANALYST         3000                                                 
KING       PRESIDENT       5000                                                 
FORD       ANALYST         3000                                                 

7 rows selected.

SQL> ed
Wrote file afiedt.buf

  1* select ename,job,sal from emp e where not exists(select * from emp q where e.empno=q.mgr)
SQL> /

ENAME      JOB              SAL                                                 
---------- --------- ----------                                                 
TURNER     SALESMAN        1500                                                 
WARD       SALESMAN        1250                                                 
MARTIN     SALESMAN        1250                                                 
ALLEN      SALESMAN        1600                                                 
MILLER     CLERK           1300                                                 
SMITH      CLERK            800                                                 
ADAMS      CLERK           1100                                                 
JAMES      CLERK            950                                                 

8 rows selected.

SQL> select * from emp;

     EMPNO ENAME      JOB              MGR HIREDATE         SAL       COMM      
---------- ---------- --------- ---------- --------- ---------- ----------      
    DEPTNO                                                                      
----------                                                                      
      7369 SMITH      CLERK           7902 17-DEC-80        800                 
        20                                                                      
                                                                                
      7499 ALLEN      SALESMAN        7698 20-FEB-81       1600        300      
        30                                                                      
                                                                                
      7521 WARD       SALESMAN        7698 22-FEB-81       1250        500      
        30                                                                      
                                                                                

     EMPNO ENAME      JOB              MGR HIREDATE         SAL       COMM      
---------- ---------- --------- ---------- --------- ---------- ----------      
    DEPTNO                                                                      
----------                                                                      
      7566 JONES      MANAGER         7839 02-APR-81       2975                 
        20                                                                      
                                                                                
      7654 MARTIN     SALESMAN        7698 28-SEP-81       1250       1400      
        30                                                                      
                                                                                
      7698 BLAKE      MANAGER         7839 01-MAY-81       2850                 
        30                                                                      
                                                                                

     EMPNO ENAME      JOB              MGR HIREDATE         SAL       COMM      
---------- ---------- --------- ---------- --------- ---------- ----------      
    DEPTNO                                                                      
----------                                                                      
      7782 CLARK      MANAGER         7839 09-JUN-81       2450                 
        10                                                                      
                                                                                
      7788 SCOTT      ANALYST         7566 09-DEC-82       3000                 
        20                                                                      
                                                                                
      7839 KING       PRESIDENT            17-NOV-81       5000                 
        10                                                                      
                                                                                

     EMPNO ENAME      JOB              MGR HIREDATE         SAL       COMM      
---------- ---------- --------- ---------- --------- ---------- ----------      
    DEPTNO                                                                      
----------                                                                      
      7844 TURNER     SALESMAN        7698 08-SEP-81       1500          0      
        30                                                                      
                                                                                
      7876 ADAMS      CLERK           7788 12-JAN-83       1100                 
        20                                                                      
                                                                                
      7900 JAMES      CLERK           7698 03-DEC-81        950                 
        30                                                                      
                                                                                

     EMPNO ENAME      JOB              MGR HIREDATE         SAL       COMM      
---------- ---------- --------- ---------- --------- ---------- ----------      
    DEPTNO                                                                      
----------                                                                      
      7902 FORD       ANALYST         7566 03-DEC-81       3000                 
        20                                                                      
                                                                                
      7934 MILLER     CLERK           7782 23-JAN-82       1300                 
        40                                                                      
                                                                                
      7001                            7001                                      
                                                                                
                                                                                

15 rows selected.

SQL> set line 100;
SQL> /

     EMPNO ENAME      JOB              MGR HIREDATE         SAL       COMM     DEPTNO               
---------- ---------- --------- ---------- --------- ---------- ---------- ----------               
      7369 SMITH      CLERK           7902 17-DEC-80        800                    20               
      7499 ALLEN      SALESMAN        7698 20-FEB-81       1600        300         30               
      7521 WARD       SALESMAN        7698 22-FEB-81       1250        500         30               
      7566 JONES      MANAGER         7839 02-APR-81       2975                    20               
      7654 MARTIN     SALESMAN        7698 28-SEP-81       1250       1400         30               
      7698 BLAKE      MANAGER         7839 01-MAY-81       2850                    30               
      7782 CLARK      MANAGER         7839 09-JUN-81       2450                    10               
      7788 SCOTT      ANALYST         7566 09-DEC-82       3000                    20               
      7839 KING       PRESIDENT            17-NOV-81       5000                    10               
      7844 TURNER     SALESMAN        7698 08-SEP-81       1500          0         30               
      7876 ADAMS      CLERK           7788 12-JAN-83       1100                    20               

     EMPNO ENAME      JOB              MGR HIREDATE         SAL       COMM     DEPTNO               
---------- ---------- --------- ---------- --------- ---------- ---------- ----------               
      7900 JAMES      CLERK           7698 03-DEC-81        950                    30               
      7902 FORD       ANALYST         7566 03-DEC-81       3000                    20               
      7934 MILLER     CLERK           7782 23-JAN-82       1300                    40               
      7001                            7001                                                          

15 rows selected.

SQL> select ename,sal,job from emp where job!='MANAGER';

ENAME             SAL JOB                                                                           
---------- ---------- ---------                                                                     
SMITH             800 CLERK                                                                         
ALLEN            1600 SALESMAN                                                                      
WARD             1250 SALESMAN                                                                      
MARTIN           1250 SALESMAN                                                                      
SCOTT            3000 ANALYST                                                                       
KING             5000 PRESIDENT                                                                     
TURNER           1500 SALESMAN                                                                      
ADAMS            1100 CLERK                                                                         
JAMES             950 CLERK                                                                         
FORD             3000 ANALYST                                                                       
MILLER           1300 CLERK                                                                         

11 rows selected.

SQL> SELECT ENAME FROM EMP WHERE HIREDATE BETWEEN '01-MAR-1981' AND '01-JUN-1983';

ENAME                                                                                               
----------                                                                                          
JONES                                                                                               
MARTIN                                                                                              
BLAKE                                                                                               
CLARK                                                                                               
SCOTT                                                                                               
KING                                                                                                
TURNER                                                                                              
ADAMS                                                                                               
JAMES                                                                                               
FORD                                                                                                
MILLER                                                                                              

11 rows selected.

SQL> SELECT ENAME FROM EMP WHERE HIREDATE LIKE '%1981';

no rows selected

SQL> ED
Wrote file afiedt.buf

  1* SELECT ENAME FROM EMP WHERE HIREDATE LIKE '__-___-1981'
SQL> /

no rows selected

SQL> ED
Wrote file afiedt.buf

  1* SELECT ENAME FROM EMP WHERE HIREDATE LIKE '%81'
SQL> /

ENAME                                                                                               
----------                                                                                          
ALLEN                                                                                               
WARD                                                                                                
JONES                                                                                               
MARTIN                                                                                              
BLAKE                                                                                               
CLARK                                                                                               
KING                                                                                                
TURNER                                                                                              
JAMES                                                                                               
FORD                                                                                                

10 rows selected.

SQL> SELECT ENAME FROM EMP WHERE ENAME LIKE '%S';

ENAME                                                                                               
----------                                                                                          
JONES                                                                                               
ADAMS                                                                                               
JAMES                                                                                               

SQL> SELECT ENAME FROM EMP WHERE DEPTNO IN(20,40);

ENAME                                                                                               
----------                                                                                          
SMITH                                                                                               
JONES                                                                                               
SCOTT                                                                                               
ADAMS                                                                                               
FORD                                                                                                
MILLER                                                                                              

6 rows selected.

SQL> SELECT ENAME,JOB,DEPTNO FROM EMP WHERE JOB='CLERK' .
  2  .
SQL> ED
Wrote file afiedt.buf

  1* SELECT ENAME,JOB,DEPTNO FROM EMP WHERE JOB IN('CLERK','SALESMAN')
SQL> /

ENAME      JOB           DEPTNO                                                                     
---------- --------- ----------                                                                     
SMITH      CLERK             20                                                                     
ALLEN      SALESMAN          30                                                                     
WARD       SALESMAN          30                                                                     
MARTIN     SALESMAN          30                                                                     
TURNER     SALESMAN          30                                                                     
ADAMS      CLERK             20                                                                     
JAMES      CLERK             30                                                                     
MILLER     CLERK             40                                                                     

8 rows selected.

SQL> SELECT ENAME FROM EMP WHERE JOB='MANAGER' AND SAL>2000;

ENAME                                                                                               
----------                                                                                          
JONES                                                                                               
BLAKE                                                                                               
CLARK                                                                                               

SQL> SELECT ENAME FROM EMP WHERE DEPTNO=30
  2  ORDER BY SAL DESC;

ENAME                                                                                               
----------                                                                                          
BLAKE                                                                                               
ALLEN                                                                                               
TURNER                                                                                              
WARD                                                                                                
MARTIN                                                                                              
JAMES                                                                                               

6 rows selected.

SQL> SELECT SUM(SAL) FROM EMP;

  SUM(SAL)                                                                                          
----------                                                                                          
     29025                                                                                          

SQL> SELECT AVG(SAL) FROM EMP
  2  WHERE DEPTNO=30
  3  GROUP BY SAL;

  AVG(SAL)                                                                                          
----------                                                                                          
      1250                                                                                          
      2850                                                                                          
      1600                                                                                          
      1500                                                                                          
       950                                                                                          

SQL> SELECT DEPTNO,SUM(SAL),AVG(SAL) FROM EMP
  2  WHERE DEPTNO=30
  3  ;
SELECT DEPTNO,SUM(SAL),AVG(SAL) FROM EMP
       *
ERROR at line 1:
ORA-00937: not a single-group group function 


SQL> ED
Wrote file afiedt.buf

  1  SELECT DEPTNO,SUM(SAL),AVG(SAL) FROM EMP
  2  WHERE DEPTNO=30
  3* GROUP BY DEPTNO
SQL> /

    DEPTNO   SUM(SAL)   AVG(SAL)                                                                    
---------- ---------- ----------                                                                    
        30       9400 1566.66667                                                                    

SQL> SELECT AVG(SAL) FROM EMP WHERE DEPTNO=30;

  AVG(SAL)                                                                                          
----------                                                                                          
1566.66667                                                                                          

SQL> SELECT MIN(SAL) FROM EMP WHERE DEPTNO=20;

  MIN(SAL)                                                                                          
----------                                                                                          
       800                                                                                          

SQL> SELECT MAX(HIREDATE) FROM EMP;

MAX(HIRED                                                                                           
---------                                                                                           
12-JAN-83                                                                                           

SQL> SELECT COUNT(*) FROM EMP WHERE DEPTNO=10;

  COUNT(*)                                                                                          
----------                                                                                          
         2                                                                                          

SQL> SELECT * FROM EMP;

     EMPNO ENAME      JOB              MGR HIREDATE         SAL       COMM     DEPTNO               
---------- ---------- --------- ---------- --------- ---------- ---------- ----------               
      7369 SMITH      CLERK           7902 17-DEC-80        800                    20               
      7499 ALLEN      SALESMAN        7698 20-FEB-81       1600        300         30               
      7521 WARD       SALESMAN        7698 22-FEB-81       1250        500         30               
      7566 JONES      MANAGER         7839 02-APR-81       2975                    20               
      7654 MARTIN     SALESMAN        7698 28-SEP-81       1250       1400         30               
      7698 BLAKE      MANAGER         7839 01-MAY-81       2850                    30               
      7782 CLARK      MANAGER         7839 09-JUN-81       2450                    10               
      7788 SCOTT      ANALYST         7566 09-DEC-82       3000                    20               
      7839 KING       PRESIDENT            17-NOV-81       5000                    10               
      7844 TURNER     SALESMAN        7698 08-SEP-81       1500          0         30               
      7876 ADAMS      CLERK           7788 12-JAN-83       1100                    20               

     EMPNO ENAME      JOB              MGR HIREDATE         SAL       COMM     DEPTNO               
---------- ---------- --------- ---------- --------- ---------- ---------- ----------               
      7900 JAMES      CLERK           7698 03-DEC-81        950                    30               
      7902 FORD       ANALYST         7566 03-DEC-81       3000                    20               
      7934 MILLER     CLERK           7782 23-JAN-82       1300                    40               
      7001                            7001                                                          

15 rows selected.

SQL> UPDATE TABLE EMP SET DEPTNO=10 WHERE SAL=1300;
UPDATE TABLE EMP SET DEPTNO=10 WHERE SAL=1300
       *
ERROR at line 1:
ORA-00903: invalid table name 


SQL> ED
Wrote file afiedt.buf

  1* UPDATE EMP SET DEPTNO=10 WHERE SAL=1300
SQL> /

1 row updated.

SQL> SELECT * FROM EMP;

     EMPNO ENAME      JOB              MGR HIREDATE         SAL       COMM     DEPTNO               
---------- ---------- --------- ---------- --------- ---------- ---------- ----------               
      7369 SMITH      CLERK           7902 17-DEC-80        800                    20               
      7499 ALLEN      SALESMAN        7698 20-FEB-81       1600        300         30               
      7521 WARD       SALESMAN        7698 22-FEB-81       1250        500         30               
      7566 JONES      MANAGER         7839 02-APR-81       2975                    20               
      7654 MARTIN     SALESMAN        7698 28-SEP-81       1250       1400         30               
      7698 BLAKE      MANAGER         7839 01-MAY-81       2850                    30               
      7782 CLARK      MANAGER         7839 09-JUN-81       2450                    10               
      7788 SCOTT      ANALYST         7566 09-DEC-82       3000                    20               
      7839 KING       PRESIDENT            17-NOV-81       5000                    10               
      7844 TURNER     SALESMAN        7698 08-SEP-81       1500          0         30               
      7876 ADAMS      CLERK           7788 12-JAN-83       1100                    20               

     EMPNO ENAME      JOB              MGR HIREDATE         SAL       COMM     DEPTNO               
---------- ---------- --------- ---------- --------- ---------- ---------- ----------               
      7900 JAMES      CLERK           7698 03-DEC-81        950                    30               
      7902 FORD       ANALYST         7566 03-DEC-81       3000                    20               
      7934 MILLER     CLERK           7782 23-JAN-82       1300                    10               
      7001                            7001                                                          

15 rows selected.

SQL> SELECT DEPTNO,SUM(SAL),COUNT(*) FROM EMP WHERE JOB!='SALESMAN'
  2  GROUP BY DEPTNO;

    DEPTNO   SUM(SAL)   COUNT(*)                                                                    
---------- ---------- ----------                                                                    
        30       3800          2                                                                    
        20      10875          5                                                                    
        10       8750          3                                                                    

SQL> SELECT MIN(HIREDATE) FROM EMP;

MIN(HIRED                                                                                           
---------                                                                                           
17-DEC-80                                                                                           

SQL> SELECT ENAME FROM EMP WHERE HIREDATE IN(SELECT MIN(HIREDATE) FROM EMP);

ENAME                                                                                               
----------                                                                                          
SMITH                                                                                               

SQL> SELECT SUM(SAL) FROM EMP WHERE JOB!='MANAGER';

  SUM(SAL)                                                                                          
----------                                                                                          
     20750                                                                                          

SQL> SELECT SUM(SAL) FROM EMP WHERE JOB='MANAGER';

  SUM(SAL)                                                                                          
----------                                                                                          
      8275                                                                                          

SQL> SELECT DEPTNO,SUM(SAL) FROM EMP
  2  WHERE JOB!='SALESMAN'
  3  GROUP BY DEPTNO
  4  HAVING SUM(SAL)>7000;

    DEPTNO   SUM(SAL)                                                                               
---------- ----------                                                                               
        20      10875                                                                               
        10       8750                                                                               

SQL> SELECT JOB,AVG(SAL),COUNT(*) FROM EMP
  2  GROUP BY JOB
  3  HAVING COUNT(*)>2;

JOB         AVG(SAL)   COUNT(*)                                                                     
--------- ---------- ----------                                                                     
CLERK         1037.5          4                                                                     
SALESMAN        1400          4                                                                     
MANAGER   2758.33333          3                                                                     

SQL> SELECT JOB,COUNT(*) FROM EMP
  2  GROUP BY JOB;

JOB         COUNT(*)                                                                                
--------- ----------                                                                                
                   1                                                                                
CLERK              4                                                                                
SALESMAN           4                                                                                
PRESIDENT          1                                                                                
MANAGER            3                                                                                
ANALYST            2                                                                                

6 rows selected.

SQL> ED
Wrote file afiedt.buf

  1  SELECT JOB,COUNT(*) FROM EMP
  2* GROUP BY JOB,DEPTNO
SQL> /

JOB         COUNT(*)                                                                                
--------- ----------                                                                                
MANAGER            1                                                                                
PRESIDENT          1                                                                                
CLERK              1                                                                                
                   1                                                                                
SALESMAN           4                                                                                
ANALYST            2                                                                                
MANAGER            1                                                                                
MANAGER            1                                                                                
CLERK              1                                                                                
CLERK              2                                                                                

10 rows selected.

SQL> SELECT ENAME FROM EMP WHERE HIREDATE IN(SELECT MIN(HIREDATE) FROM EMP);

ENAME                                                                                               
----------                                                                                          
SMITH                                                                                               

SQL> SELECT ENAME,MAX(SAL) FROM EMP
  2  GROUP BY DEPTNO;
SELECT ENAME,MAX(SAL) FROM EMP
       *
ERROR at line 1:
ORA-00979: not a GROUP BY expression 


SQL> ED
Wrote file afiedt.buf

  1  SELECT ENAME,MAX(SAL) FROM EMP
  2* GROUP BY DEPTNO,ENAME
SQL> /

ENAME        MAX(SAL)                                                                               
---------- ----------                                                                               
JONES            2975                                                                               
                                                                                                    
WARD             1250                                                                               
SCOTT            3000                                                                               
KING             5000                                                                               
JAMES             950                                                                               
ALLEN            1600                                                                               
MARTIN           1250                                                                               
BLAKE            2850                                                                               
FORD             3000                                                                               
SMITH             800                                                                               

ENAME        MAX(SAL)                                                                               
---------- ----------                                                                               
ADAMS            1100                                                                               
MILLER           1300                                                                               
CLARK            2450                                                                               
TURNER           1500                                                                               

15 rows selected.

SQL> ED
Wrote file afiedt.buf

  1  SELECT ENAME,MAX(SAL) FROM EMP
  2* GROUP BY DEPTNO,ENAME
SQL> 
SQL> SELECT ENAME FROM EMP WHERE SAL IN (SELECT MAX(SAL) FROM EMP GROUP BY DEPTNO);

ENAME                                                                                               
----------                                                                                          
BLAKE                                                                                               
FORD                                                                                                
SCOTT                                                                                               
KING                                                                                                

SQL> ED
Wrote file afiedt.buf

  1* SELECT ENAME,DETPNO FROM EMP WHERE SAL IN (SELECT MAX(SAL) FROM EMP GROUP BY DEPTNO)
SQL> /
SELECT ENAME,DETPNO FROM EMP WHERE SAL IN (SELECT MAX(SAL) FROM EMP GROUP BY DEPTNO)
             *
ERROR at line 1:
ORA-00904: "DETPNO": invalid identifier 


SQL> ED
Wrote file afiedt.buf

  1* SELECT ENAME,DEPTNO FROM EMP WHERE SAL IN (SELECT MAX(SAL) FROM EMP GROUP BY DEPTNO)
SQL> /

ENAME          DEPTNO                                                                               
---------- ----------                                                                               
BLAKE              30                                                                               
FORD               20                                                                               
SCOTT              20                                                                               
KING               10                                                                               

SQL> ED
Wrote file afiedt.buf

  1* SELECT DISTINCT DEPTNO,ENAME FROM EMP WHERE SAL IN (SELECT MAX(SAL) FROM EMP GROUP BY DEPTNO)
SQL> /

    DEPTNO ENAME                                                                                    
---------- ----------                                                                               
        20 SCOTT                                                                                    
        10 KING                                                                                     
        30 BLAKE                                                                                    
        20 FORD                                                                                     

SQL> SELECT AVG(SAL) FROM EMP WHERE JOB='CLERK';

  AVG(SAL)                                                                                          
----------                                                                                          
    1037.5                                                                                          

SQL> SELECT SUM(SAL) FROM EMP WHERE HIREDATE LIKE '%81';

  SUM(SAL)                                                                                          
----------                                                                                          
     22825                                                                                          

SQL> SQL> CREATE TABLE DEPT10
SP2-0734: unknown command beginning "SQL> CREAT..." - rest of line ignored.
SQL> (DEPTNO NUMBER(2) PRIMARY KEY,
  2  DNAME CHAR(15),
  3  LOCATION CHAR(10));
(DEPTNO NUMBER(2) PRIMARY KEY,
 *
ERROR at line 1:
ORA-00928: missing SELECT keyword 


SQL> 
SQL> TABLE CREATED.
SP2-0734: unknown command beginning "TABLE CREA..." - rest of line ignored.
SQL> 
SQL> 
SQL> " CREATE TABLE EMP10 HAVING EMPNO(PRIMARY KEY),ENAME(NOT NULL),SAL(SAL=4000),HIREADTE,DEPTNO
SP2-0734: unknown command beginning "" CREATE T..." - rest of line ignored.
SQL> SQL> CREATE TABLE EMP10(EMPNO NUMBER(4) PRIMARY KEY,
SP2-0734: unknown command beginning "SQL> CREAT..." - rest of line ignored.
SQL> ENAME CHAR(10) NOT NULL,
SP2-0734: unknown command beginning "ENAME CHAR..." - rest of line ignored.
SP2-0044: For a list of known commands enter HELP
and to leave enter EXIT.
SQL> SAL NUMBER(4) CHECK(4000),
SP2-0734: unknown command beginning "SAL NUMBER..." - rest of line ignored.
SQL> HIREDATE DATE,
SP2-0734: unknown command beginning "HIREDATE D..." - rest of line ignored.
SQL> DEPTNO NUMBER(2) REFERENCES DEPT10(DEPTNO));
SP2-0734: unknown command beginning "DEPTNO NUM..." - rest of line ignored.
SQL> 
SQL> TABLE CREATED.
SP2-0734: unknown command beginning "TABLE CREA..." - rest of line ignored.
SP2-0044: For a list of known commands enter HELP
and to leave enter EXIT.
SQL> 
SQL> 
SQL> " INSERT THE VALUES IN TABLE DEPT10
SP2-0734: unknown command beginning "" INSERT T..." - rest of line ignored.
SQL> SQL> INSERT INTO DEPT10 VALUES(&DEPTNO,'&DNAME','&LOCATION');
SP2-0734: unknown command beginning "SQL> INSER..." - rest of line ignored.
SQL> ENTER VALUE FOR DEPTNO: 11
SP2-0734: unknown command beginning "ENTER VALU..." - rest of line ignored.
SQL> ENTER VALUE FOR DNAME: MARKETING
SP2-0734: unknown command beginning "ENTER VALU..." - rest of line ignored.
SP2-0044: For a list of known commands enter HELP
and to leave enter EXIT.
SQL> ENTER VALUE FOR LOCATION: DELHI
SP2-0734: unknown command beginning "ENTER VALU..." - rest of line ignored.
SQL> OLD   1: INSERT INTO DEPT10 VALUES(&DEPTNO,'&DNAME','&LOCATION')
SP2-0734: unknown command beginning "OLD   1: I..." - rest of line ignored.
SQL> NEW   1: INSERT INTO DEPT10 VALUES(11,'MARKETING','DELHI')
SP2-0734: unknown command beginning "NEW   1: I..." - rest of line ignored.
SQL> 
SQL> 1 ROW CREATED.
SQL> 
SQL> 
SQL> 
SQL> " INSERT THE VALUES IN TABLE DEPT10
SP2-0734: unknown command beginning "" INSERT T..." - rest of line ignored.
SP2-0044: For a list of known commands enter HELP
and to leave enter EXIT.
SQL> SQL> INSERT INTO DEPT10 VALUES(&DEPTNO,'&DNAME','&LOCATION');
SP2-0734: unknown command beginning "SQL> INSER..." - rest of line ignored.
SQL> ENTER VALUE FOR DEPTNO: 22
SP2-0734: unknown command beginning "ENTER VALU..." - rest of line ignored.
SQL> ENTER VALUE FOR DNAME: FINANCE
SP2-0734: unknown command beginning "ENTER VALU..." - rest of line ignored.
SQL> ENTER VALUE FOR LOCATION: CALCUTTA
SP2-0734: unknown command beginning "ENTER VALU..." - rest of line ignored.
SP2-0044: For a list of known commands enter HELP
and to leave enter EXIT.
SQL> OLD   1: INSERT INTO DEPT10 VALUES(&DEPTNO,'&DNAME','&LOCATION')
SP2-0734: unknown command beginning "OLD   1: I..." - rest of line ignored.
SQL> NEW   1: INSERT INTO DEPT10 VALUES(22,'FINANCE','CALCUTTA')
SP2-0734: unknown command beginning "NEW   1: I..." - rest of line ignored.
SQL> 
SQL> 1 ROW CREATED.
SQL> 
SQL> 
SQL> " INSERT THE VALUES IN TABLE DEPT10
SP2-0734: unknown command beginning "" INSERT T..." - rest of line ignored.
SQL> SQL> INSERT INTO DEPT10 VALUES(&DEPTNO,'&DNAME','&LOCATION');
SP2-0734: unknown command beginning "SQL> INSER..." - rest of line ignored.
SP2-0044: For a list of known commands enter HELP
and to leave enter EXIT.
SQL> ENTER VALUE FOR DEPTNO: 33
SP2-0734: unknown command beginning "ENTER VALU..." - rest of line ignored.
SQL> ENTER VALUE FOR DNAME: IT
SP2-0734: unknown command beginning "ENTER VALU..." - rest of line ignored.
SQL> ENTER VALUE FOR LOCATION: MUMBAI
SP2-0734: unknown command beginning "ENTER VALU..." - rest of line ignored.
SQL> OLD   1: INSERT INTO DEPT10 VALUES(&DEPTNO,'&DNAME','&LOCATION')
SP2-0734: unknown command beginning "OLD   1: I..." - rest of line ignored.
SP2-0044: For a list of known commands enter HELP
and to leave enter EXIT.
SQL> NEW   1: INSERT INTO DEPT10 VALUES(33,'IT','MUMBAI')
SP2-0734: unknown command beginning "NEW   1: I..." - rest of line ignored.
SQL> 
SQL> 1 ROW CREATED.
SQL> 
SQL> 
SQL> 
SQL> " INSERT THE VALUES IN TABLE DEPT10
SP2-0734: unknown command beginning "" INSERT T..." - rest of line ignored.
SQL> SQL> INSERT INTO DEPT10 VALUES(&DEPTNO,'&DNAME','&LOCATION');
SP2-0734: unknown command beginning "SQL> INSER..." - rest of line ignored.
SQL> ENTER VALUE FOR DEPTNO: 44
SP2-0734: unknown command beginning "ENTER VALU..." - rest of line ignored.
SP2-0044: For a list of known commands enter HELP
and to leave enter EXIT.
SQL> ENTER VALUE FOR DNAME: HR
SP2-0734: unknown command beginning "ENTER VALU..." - rest of line ignored.
SQL> ENTER VALUE FOR LOCATION: CHENNAI
SP2-0734: unknown command beginning "ENTER VALU..." - rest of line ignored.
SQL> OLD   1: INSERT INTO DEPT10 VALUES(&DEPTNO,'&DNAME','&LOCATION')
SP2-0734: unknown command beginning "OLD   1: I..." - rest of line ignored.
SQL> NEW   1: INSERT INTO DEPT10 VALUES(44,'HR','CHENNAI')
SP2-0734: unknown command beginning "NEW   1: I..." - rest of line ignored.
SP2-0044: For a list of known commands enter HELP
and to leave enter EXIT.
SQL> 
SQL> 1 ROW CREATED.
SQL> 
SQL> 
SQL> 
SQL> " SELECT ALL RECORDS FROM DEPT10
SP2-0734: unknown command beginning "" SELECT A..." - rest of line ignored.
SQL> SQL> SELECT * FROM DEPT10;
SP2-0734: unknown command beginning "SQL> SELEC..." - rest of line ignored.
SQL> 
SQL>    DEPTNO  DNAME               LOCATION
SP2-0734: unknown command beginning "DEPTNO  DN..." - rest of line ignored.
SQL> --------- --------------- ----------
SQL>        11  MARKETING        DELHI
SQL>        22  FINANCE               CALCUTTA
SQL>        33  IT                         MUMBAI
SQL>        44          HR                       CHENNAI
SQL> 
SQL> 
SQL> 
SQL> " INSERT THE VALUES IN TABLE EMP10
SP2-0734: unknown command beginning "" INSERT T..." - rest of line ignored.
SQL> SQL> INSERT INTO EMP10 VALUES(&EMPNO,'&ENAME',&SAL,'&HIREDATE',&DEPTNO);
SP2-0734: unknown command beginning "SQL> INSER..." - rest of line ignored.
SQL> ENTER VALUE FOR EMPNO: 1111
SP2-0734: unknown command beginning "ENTER VALU..." - rest of line ignored.
SQL> ENTER VALUE FOR ENAME: ANURAG
SP2-0734: unknown command beginning "ENTER VALU..." - rest of line ignored.
SP2-0044: For a list of known commands enter HELP
and to leave enter EXIT.
SQL> ENTER VALUE FOR SAL: 7000
SP2-0734: unknown command beginning "ENTER VALU..." - rest of line ignored.
SQL> ENTER VALUE FOR HIREDATE: 1-AUG-1980
SP2-0734: unknown command beginning "ENTER VALU..." - rest of line ignored.
SQL> ENTER VALUE FOR DEPTNO: 22
SP2-0734: unknown command beginning "ENTER VALU..." - rest of line ignored.
SQL> OLD   1: INSERT INTO EMP10 VALUES(&EMPNO,'&ENAME',&SAL,'&HIREDATE',&DEPTNO)
SP2-0734: unknown command beginning "OLD   1: I..." - rest of line ignored.
SP2-0044: For a list of known commands enter HELP
and to leave enter EXIT.
SQL> NEW   1: INSERT INTO EMP10 VALUES(1111,'SACHIN',7000,'1-AUG-1980',22)
SP2-0734: unknown command beginning "NEW   1: I..." - rest of line ignored.
SQL> 
SQL> 1 ROW CREATED.
SQL> 
SQL> 
SQL> 
SQL> " INSERT THE VALUES IN TABLE EMP10
SP2-0734: unknown command beginning "" INSERT T..." - rest of line ignored.
SQL> SQL> INSERT INTO EMP10 VALUES(&EMPNO,'&ENAME',&SAL,'&HIREDATE',&DEPTNO);
SP2-0734: unknown command beginning "SQL> INSER..." - rest of line ignored.
SQL> ENTER VALUE FOR EMPNO: 2222
SP2-0734: unknown command beginning "ENTER VALU..." - rest of line ignored.
SP2-0044: For a list of known commands enter HELP
and to leave enter EXIT.
SQL> ENTER VALUE FOR ENAME: MANISH
SP2-0734: unknown command beginning "ENTER VALU..." - rest of line ignored.
SQL> ENTER VALUE FOR SAL: 6000
SP2-0734: unknown command beginning "ENTER VALU..." - rest of line ignored.
SQL> ENTER VALUE FOR HIREDATE: 1-JAN-2000
SP2-0734: unknown command beginning "ENTER VALU..." - rest of line ignored.
SQL> ENTER VALUE FOR DEPTNO: 11
SP2-0734: unknown command beginning "ENTER VALU..." - rest of line ignored.
SP2-0044: For a list of known commands enter HELP
and to leave enter EXIT.
SQL> OLD   1: INSERT INTO EMP10 VALUES(&EMPNO,'&ENAME',&SAL,'&HIREDATE',&DEPTNO)
SP2-0734: unknown command beginning "OLD   1: I..." - rest of line ignored.
SQL> NEW   1: INSERT INTO EMP10 VALUES(2222,'MANISH',6000,'1-JAN-2000',11)
SP2-0734: unknown command beginning "NEW   1: I..." - rest of line ignored.
SQL> 
SQL> 1 ROW CREATED.
SQL> 
SQL> 
SQL> " INSERT THE VALUES IN TABLE EMP10
SP2-0734: unknown command beginning "" INSERT T..." - rest of line ignored.
SQL> SQL> INSERT INTO EMP10 VALUES(&EMPNO,'&ENAME',&SAL,'&HIREDATE',&DEPTNO);
SP2-0734: unknown command beginning "SQL> INSER..." - rest of line ignored.
SP2-0044: For a list of known commands enter HELP
and to leave enter EXIT.
SQL> ENTER VALUE FOR EMPNO: 3333
SP2-0734: unknown command beginning "ENTER VALU..." - rest of line ignored.
SQL> ENTER VALUE FOR ENAME: MUSKAN
SP2-0734: unknown command beginning "ENTER VALU..." - rest of line ignored.
SQL> ENTER VALUE FOR SAL: 9999
SP2-0734: unknown command beginning "ENTER VALU..." - rest of line ignored.
SQL> 
SQL> ENTER VALUE FOR HIREDATE: 3-JUL-1999
SP2-0734: unknown command beginning "ENTER VALU..." - rest of line ignored.
SP2-0044: For a list of known commands enter HELP
and to leave enter EXIT.
SQL> ENTER VALUE FOR DEPTNO: 33
SP2-0734: unknown command beginning "ENTER VALU..." - rest of line ignored.
SQL> OLD   1: INSERT INTO EMP10 VALUES(&EMPNO,'&ENAME',&SAL,'&HIREDATE',&DEPTNO)
SP2-0734: unknown command beginning "OLD   1: I..." - rest of line ignored.
SQL> NEW   1: INSERT INTO EMP10 VALUES(3333,'MUSKAN',9999,'3-JUL-1999',33)
SP2-0734: unknown command beginning "NEW   1: I..." - rest of line ignored.
SQL> 
SQL> 1 ROW CREATED.
SQL> 
SQL> 
SQL> " INSERT THE VALUES IN TABLE EMP10
SP2-0734: unknown command beginning "" INSERT T..." - rest of line ignored.
SP2-0044: For a list of known commands enter HELP
and to leave enter EXIT.
SQL> SQL> INSERT INTO EMP10 VALUES(&EMPNO,'&ENAME',&SAL,'&HIREDATE',&DEPTNO);
SP2-0734: unknown command beginning "SQL> INSER..." - rest of line ignored.
SQL> ENTER VALUE FOR EMPNO: 4444
SP2-0734: unknown command beginning "ENTER VALU..." - rest of line ignored.
SQL> ENTER VALUE FOR ENAME: NISHA
SP2-0734: unknown command beginning "ENTER VALU..." - rest of line ignored.
SQL> ENTER VALUE FOR SAL: 5555
SP2-0734: unknown command beginning "ENTER VALU..." - rest of line ignored.
SP2-0044: For a list of known commands enter HELP
and to leave enter EXIT.
SQL> ENTER VALUE FOR HIREDATE: 30-JAN-1997
SP2-0734: unknown command beginning "ENTER VALU..." - rest of line ignored.
SQL> ENTER VALUE FOR DEPTNO: 44
SP2-0734: unknown command beginning "ENTER VALU..." - rest of line ignored.
SQL> OLD   1: INSERT INTO EMP10 VALUES(&EMPNO,'&ENAME',&SAL,'&HIREDATE',&DEPTNO)
SP2-0734: unknown command beginning "OLD   1: I..." - rest of line ignored.
SQL> NEW   1: INSERT
SP2-0734: unknown command beginning "NEW   1: I..." - rest of line ignored.
SP2-0044: For a list of known commands enter HELP
and to leave enter EXIT.
SQL> DESC EMP10;
ERROR:
ORA-04043: object EMP10 does not exist 


SQL> DESC EMP;
 Name                                                  Null?    Type
 ----------------------------------------------------- -------- ------------------------------------
 EMPNO                                                 NOT NULL NUMBER(4)
 ENAME                                                          VARCHAR2(10)
 JOB                                                            VARCHAR2(9)
 MGR                                                            NUMBER(4)
 HIREDATE                                                       DATE
 SAL                                                            NUMBER(7,2)
 COMM                                                           NUMBER(7,2)
 DEPTNO                                                         NUMBER(2)

SQL> ALTER TABLE EMP MODIFY JOB VARCHAR2(4);
ALTER TABLE EMP MODIFY JOB VARCHAR2(4)
                       *
ERROR at line 1:
ORA-01441: cannot decrease column length because some value is too big 


SQL> ED
Wrote file afiedt.buf

  1* ALTER TABLE EMP MODIFY( JOB VARCHAR2(4))
SQL> /
ALTER TABLE EMP MODIFY( JOB VARCHAR2(4))
                        *
ERROR at line 1:
ORA-01441: cannot decrease column length because some value is too big 


SQL> SELECT SQRT(SAL) FROM EMP;

 SQRT(SAL)                                                                                          
----------                                                                                          
28.2842712                                                                                          
        40                                                                                          
35.3553391                                                                                          
54.5435606                                                                                          
35.3553391                                                                                          
53.3853913                                                                                          
49.4974747                                                                                          
54.7722558                                                                                          
70.7106781                                                                                          
38.7298335                                                                                          
33.1662479                                                                                          

 SQRT(SAL)                                                                                          
----------                                                                                          
  30.82207                                                                                          
54.7722558                                                                                          
36.0555128                                                                                          
                                                                                                    

15 rows selected.

SQL> HELP START;

 START
 -----

 Runs the SQL*Plus statements in the specified script. The script can be
 called from the local file system or a web server. Only the url form is
 supported in iSQL*Plus.

 STA[RT] {url|file_name[.ext]} [arg ...]

 where url supports HTTP and FTP protocols in the form:

    http://host.domain/script.sql


 STARTUP
 -------

 Starts an Oracle instance with several options, including mounting,
 and opening a database.

 STARTUP options | upgrade_options

 where options has the following syntax:
    [FORCE] [RESTRICT] [PFILE=filename] [QUIET] [ MOUNT [dbname] |
    [ OPEN [open_options] [dbname] ] |
    NOMOUNT ]

 where open_options has the following syntax:
    READ {ONLY | WRITE [RECOVER]} | RECOVER

 and where upgrade_options has the following syntax:
    [PFILE=filename] {UPGRADE | DOWNGRADE} [QUIET]


SQL> SAVEPOINT A;

Savepoint created.

SQL> SELECT * FROM EMP;

     EMPNO ENAME      JOB              MGR HIREDATE         SAL       COMM     DEPTNO               
---------- ---------- --------- ---------- --------- ---------- ---------- ----------               
      7369 SMITH      CLERK           7902 17-DEC-80        800                    20               
      7499 ALLEN      SALESMAN        7698 20-FEB-81       1600        300         30               
      7521 WARD       SALESMAN        7698 22-FEB-81       1250        500         30               
      7566 JONES      MANAGER         7839 02-APR-81       2975                    20               
      7654 MARTIN     SALESMAN        7698 28-SEP-81       1250       1400         30               
      7698 BLAKE      MANAGER         7839 01-MAY-81       2850                    30               
      7782 CLARK      MANAGER         7839 09-JUN-81       2450                    10               
      7788 SCOTT      ANALYST         7566 09-DEC-82       3000                    20               
      7839 KING       PRESIDENT            17-NOV-81       5000                    10               
      7844 TURNER     SALESMAN        7698 08-SEP-81       1500          0         30               
      7876 ADAMS      CLERK           7788 12-JAN-83       1100                    20               

     EMPNO ENAME      JOB              MGR HIREDATE         SAL       COMM     DEPTNO               
---------- ---------- --------- ---------- --------- ---------- ---------- ----------               
      7900 JAMES      CLERK           7698 03-DEC-81        950                    30               
      7902 FORD       ANALYST         7566 03-DEC-81       3000                    20               
      7934 MILLER     CLERK           7782 23-JAN-82       1300                    10               
      7001                            7001                                                          

15 rows selected.

SQL> SAVEPOINT B;

Savepoint created.

SQL> SELECT * FROM DEPT;

    DEPTNO DNAME          LOC                                                                       
---------- -------------- -------------                                                             
        10 ACCOUNTING     NEW YORK                                                                  
        20 RESEARCH       DALLAS                                                                    
        30 SALES          CHICAGO                                                                   
        40 OPERATIONS     BOSTON                                                                    
        50 marketting     hyd                                                                       
        60 hr             kpl                                                                       
        70 finance        delhi                                                                     

7 rows selected.

SQL> ROLLBACK A;
ROLLBACK A
         *
ERROR at line 1:
ORA-02181: invalid option to ROLLBACK WORK 


SQL> SELECT * FROM SALGRADE;
SELECT * FROM SALGRADE
              *
ERROR at line 1:
ORA-00942: table or view does not exist 


SQL> SELECT * FROM EMP;

     EMPNO ENAME      JOB              MGR HIREDATE         SAL       COMM     DEPTNO               
---------- ---------- --------- ---------- --------- ---------- ---------- ----------               
      7369 SMITH      CLERK           7902 17-DEC-80        800                    20               
      7499 ALLEN      SALESMAN        7698 20-FEB-81       1600        300         30               
      7521 WARD       SALESMAN        7698 22-FEB-81       1250        500         30               
      7566 JONES      MANAGER         7839 02-APR-81       2975                    20               
      7654 MARTIN     SALESMAN        7698 28-SEP-81       1250       1400         30               
      7698 BLAKE      MANAGER         7839 01-MAY-81       2850                    30               
      7782 CLARK      MANAGER         7839 09-JUN-81       2450                    10               
      7788 SCOTT      ANALYST         7566 09-DEC-82       3000                    20               
      7839 KING       PRESIDENT            17-NOV-81       5000                    10               
      7844 TURNER     SALESMAN        7698 08-SEP-81       1500          0         30               
      7876 ADAMS      CLERK           7788 12-JAN-83       1100                    20               

     EMPNO ENAME      JOB              MGR HIREDATE         SAL       COMM     DEPTNO               
---------- ---------- --------- ---------- --------- ---------- ---------- ----------               
      7900 JAMES      CLERK           7698 03-DEC-81        950                    30               
      7902 FORD       ANALYST         7566 03-DEC-81       3000                    20               
      7934 MILLER     CLERK           7782 23-JAN-82       1300                    10               
      7001                            7001                                                          

15 rows selected.

SQL> ROLLBACK;

Rollback complete.

SQL> TRUNCATE TABLE EMP;

Table truncated.

SQL> SELECT * FROM EMP;

no rows selected

SQL> ROLLBACK;

Rollback complete.

SQL> /

Rollback complete.

SQL> SELECT * FROM EMP;

no rows selected

SQL> SELECT LENGTH('VINOD') FROM DUAL;

LENGTH('VINOD')                                                                                     
---------------                                                                                     
              5                                                                                     

SQL> CONN VINOD
ERROR:
ORA-01017: invalid username/password; logon denied 


Warning: You are no longer connected to ORACLE.
SQL> SHO USER
USER is ""
SQL> SELECT * FROM ALL_USERS;
SP2-0640: Not connected
SQL> CONN SYSTEM
Connected.
SQL> SELECT * FROM ALL_USERS;

USERNAME                          USER_ID CREATED                                                   
------------------------------ ---------- ---------                                                 
ANUMULA                                84 28-JUN-11                                                 
KHADER                                 80 11-JUN-11                                                 
TIRUPATHI                              83 18-JUN-11                                                 
A                                      78 09-JUN-11                                                 
VINOD3                                 77 09-JUN-11                                                 
VINOD2                                 76 09-JUN-11                                                 
ABC                                    75 09-JUN-11                                                 
VINOD1                                 74 09-JUN-11                                                 
XYZ                                    73 09-JUN-11                                                 
VINOD                                  72 31-MAY-11                                                 
CR                                     71 27-MAY-11                                                 

USERNAME                          USER_ID CREATED                                                   
------------------------------ ---------- ---------                                                 
TYPE1                                  70 14-MAY-11                                                 
SAIDI                                  69 13-MAY-11                                                 
GROUPKEY                               68 13-MAY-11                                                 
SAMPATH1                               67 11-MAY-11                                                 
GANESH                                 65 11-MAY-11                                                 
TYPE                                   64 11-MAY-11                                                 
BABU2                                  63 04-MAY-11                                                 
BABU                                   61 04-MAY-11                                                 
JNTH                                   60 03-MAY-11                                                 
JNTU                                   59 03-MAY-11                                                 
MAHESH                                 58 03-MAY-11                                                 

USERNAME                          USER_ID CREATED                                                   
------------------------------ ---------- ---------                                                 
CHARY                                  57 03-MAY-11                                                 
CHINTU                                 56 03-MAY-11                                                 
SAMPATH                                55 03-MAY-11                                                 
SCOTT                                  54 30-AUG-05                                                 
MGMT_VIEW                              53 30-AUG-05                                                 
BABU1                                  62 04-MAY-11                                                 
MDDATA                                 50 30-AUG-05                                                 
SYSMAN                                 51 30-AUG-05                                                 
MDSYS                                  46 30-AUG-05                                                 
SI_INFORMTN_SCHEMA                     45 30-AUG-05                                                 
ORDPLUGINS                             44 30-AUG-05                                                 

USERNAME                          USER_ID CREATED                                                   
------------------------------ ---------- ---------                                                 
ORDSYS                                 43 30-AUG-05                                                 
OLAPSYS                                47 30-AUG-05                                                 
ANONYMOUS                              39 30-AUG-05                                                 
XDB                                    38 30-AUG-05                                                 
CTXSYS                                 36 30-AUG-05                                                 
EXFSYS                                 34 30-AUG-05                                                 
WMSYS                                  25 30-AUG-05                                                 
DBSNMP                                 24 30-AUG-05                                                 
TSMSYS                                 21 30-AUG-05                                                 
DMSYS                                  35 30-AUG-05                                                 
DIP                                    19 30-AUG-05                                                 

USERNAME                          USER_ID CREATED                                                   
------------------------------ ---------- ---------                                                 
OUTLN                                  11 30-AUG-05                                                 
SYSTEM                                  5 30-AUG-05                                                 
SYS                                     0 30-AUG-05                                                 

47 rows selected.

SQL> CONN VINOD1
ERROR:
ORA-01045: user VINOD1 lacks CREATE SESSION privilege; logon denied 


Warning: You are no longer connected to ORACLE.
SQL> CONN SYSTEM/SYSTEM
Connected.
SQL> GRANT DBA TO VINOD1;

Grant succeeded.

SQL> CONN VINOD1/VINOD1;
Connected.
SQL> SELECT * FROM EMP;
SELECT * FROM EMP
              *
ERROR at line 1:
ORA-00942: table or view does not exist 


SQL> SELECT * FROM TAB;

no rows selected

SQL> SPOOL OFF;
