SQL> select ename from emp where comm is not null;

ENAME                                                                                               
----------                                                                                          
ALLEN                                                                                               
WARD                                                                                                
MARTIN                                                                                              
TURNER                                                                                              

SQL> select ename from emp where mgr=null;

no rows selected

SQL> ed
Wrote file afiedt.buf

  1* select ename from emp where mgr is null
SQL> /

ENAME                                                                                               
----------                                                                                          
KING                                                                                                

SQL> select  * from emp
  2  order by sal;

     EMPNO ENAME      JOB              MGR HIREDATE         SAL       COMM     DEPTNO               
---------- ---------- --------- ---------- --------- ---------- ---------- ----------               
      7369 SMITH      CLERK           7902 17-DEC-80        800                    20               
      7900 JAMES      CLERK           7698 03-DEC-81        950                    30               
      7876 ADAMS      CLERK           7788 12-JAN-83       1100                    20               
      7521 WARD       SALESMAN        7698 22-FEB-81       1250        500         30               
      7654 MARTIN     SALESMAN        7698 28-SEP-81       1250       1400         30               
      7934 MILLER     CLERK           7782 23-JAN-82       1300                    40               
      7844 TURNER     SALESMAN        7698 08-SEP-81       1500          0         30               
      7499 ALLEN      SALESMAN        7698 20-FEB-81       1600        300         30               
      7782 CLARK      MANAGER         7839 09-JUN-81       2450                    10               
      7698 BLAKE      MANAGER         7839 01-MAY-81       2850                    30               
      7566 JONES      MANAGER         7839 02-APR-81       2975                    20               

     EMPNO ENAME      JOB              MGR HIREDATE         SAL       COMM     DEPTNO               
---------- ---------- --------- ---------- --------- ---------- ---------- ----------               
      7902 FORD       ANALYST         7566 03-DEC-81       3000                    20               
      7788 SCOTT      ANALYST         7566 09-DEC-82       3000                    20               
      7839 KING       PRESIDENT            17-NOV-81       5000                    10               
      7001                            7001                                                          

15 rows selected.

SQL> ed
Wrote file afiedt.buf

  1  select  * from emp
  2* order by sal desc
SQL> /

     EMPNO ENAME      JOB              MGR HIREDATE         SAL       COMM     DEPTNO               
---------- ---------- --------- ---------- --------- ---------- ---------- ----------               
      7001                            7001                                                          
      7839 KING       PRESIDENT            17-NOV-81       5000                    10               
      7902 FORD       ANALYST         7566 03-DEC-81       3000                    20               
      7788 SCOTT      ANALYST         7566 09-DEC-82       3000                    20               
      7566 JONES      MANAGER         7839 02-APR-81       2975                    20               
      7698 BLAKE      MANAGER         7839 01-MAY-81       2850                    30               
      7782 CLARK      MANAGER         7839 09-JUN-81       2450                    10               
      7499 ALLEN      SALESMAN        7698 20-FEB-81       1600        300         30               
      7844 TURNER     SALESMAN        7698 08-SEP-81       1500          0         30               
      7934 MILLER     CLERK           7782 23-JAN-82       1300                    40               
      7521 WARD       SALESMAN        7698 22-FEB-81       1250        500         30               

     EMPNO ENAME      JOB              MGR HIREDATE         SAL       COMM     DEPTNO               
---------- ---------- --------- ---------- --------- ---------- ---------- ----------               
      7654 MARTIN     SALESMAN        7698 28-SEP-81       1250       1400         30               
      7876 ADAMS      CLERK           7788 12-JAN-83       1100                    20               
      7900 JAMES      CLERK           7698 03-DEC-81        950                    30               
      7369 SMITH      CLERK           7902 17-DEC-80        800                    20               

15 rows selected.

SQL> ed
Wrote file afiedt.buf

  1  select  * from emp
  2* order by sal desc,ename
SQL> /

     EMPNO ENAME      JOB              MGR HIREDATE         SAL       COMM     DEPTNO               
---------- ---------- --------- ---------- --------- ---------- ---------- ----------               
      7001                            7001                                                          
      7839 KING       PRESIDENT            17-NOV-81       5000                    10               
      7902 FORD       ANALYST         7566 03-DEC-81       3000                    20               
      7788 SCOTT      ANALYST         7566 09-DEC-82       3000                    20               
      7566 JONES      MANAGER         7839 02-APR-81       2975                    20               
      7698 BLAKE      MANAGER         7839 01-MAY-81       2850                    30               
      7782 CLARK      MANAGER         7839 09-JUN-81       2450                    10               
      7499 ALLEN      SALESMAN        7698 20-FEB-81       1600        300         30               
      7844 TURNER     SALESMAN        7698 08-SEP-81       1500          0         30               
      7934 MILLER     CLERK           7782 23-JAN-82       1300                    40               
      7654 MARTIN     SALESMAN        7698 28-SEP-81       1250       1400         30               

     EMPNO ENAME      JOB              MGR HIREDATE         SAL       COMM     DEPTNO               
---------- ---------- --------- ---------- --------- ---------- ---------- ----------               
      7521 WARD       SALESMAN        7698 22-FEB-81       1250        500         30               
      7876 ADAMS      CLERK           7788 12-JAN-83       1100                    20               
      7900 JAMES      CLERK           7698 03-DEC-81        950                    30               
      7369 SMITH      CLERK           7902 17-DEC-80        800                    20               

15 rows selected.

SQL> ed
Wrote file afiedt.buf

  1  select  * from emp
  2* order by sal desc,empno
SQL> /

     EMPNO ENAME      JOB              MGR HIREDATE         SAL       COMM     DEPTNO               
---------- ---------- --------- ---------- --------- ---------- ---------- ----------               
      7001                            7001                                                          
      7839 KING       PRESIDENT            17-NOV-81       5000                    10               
      7788 SCOTT      ANALYST         7566 09-DEC-82       3000                    20               
      7902 FORD       ANALYST         7566 03-DEC-81       3000                    20               
      7566 JONES      MANAGER         7839 02-APR-81       2975                    20               
      7698 BLAKE      MANAGER         7839 01-MAY-81       2850                    30               
      7782 CLARK      MANAGER         7839 09-JUN-81       2450                    10               
      7499 ALLEN      SALESMAN        7698 20-FEB-81       1600        300         30               
      7844 TURNER     SALESMAN        7698 08-SEP-81       1500          0         30               
      7934 MILLER     CLERK           7782 23-JAN-82       1300                    40               
      7521 WARD       SALESMAN        7698 22-FEB-81       1250        500         30               

     EMPNO ENAME      JOB              MGR HIREDATE         SAL       COMM     DEPTNO               
---------- ---------- --------- ---------- --------- ---------- ---------- ----------               
      7654 MARTIN     SALESMAN        7698 28-SEP-81       1250       1400         30               
      7876 ADAMS      CLERK           7788 12-JAN-83       1100                    20               
      7900 JAMES      CLERK           7698 03-DEC-81        950                    30               
      7369 SMITH      CLERK           7902 17-DEC-80        800                    20               

15 rows selected.

SQL> select ename,job,sal from emp
  2  order by deptno desc ,job;

ENAME      JOB              SAL                                                                     
---------- --------- ----------                                                                     
                                                                                                    
MILLER     CLERK           1300                                                                     
JAMES      CLERK            950                                                                     
BLAKE      MANAGER         2850                                                                     
MARTIN     SALESMAN        1250                                                                     
WARD       SALESMAN        1250                                                                     
ALLEN      SALESMAN        1600                                                                     
TURNER     SALESMAN        1500                                                                     
FORD       ANALYST         3000                                                                     
SCOTT      ANALYST         3000                                                                     
SMITH      CLERK            800                                                                     

ENAME      JOB              SAL                                                                     
---------- --------- ----------                                                                     
ADAMS      CLERK           1100                                                                     
JONES      MANAGER         2975                                                                     
CLARK      MANAGER         2450                                                                     
KING       PRESIDENT       5000                                                                     

15 rows selected.

SQL> ed
Wrote file afiedt.buf

  1  select ename,job,sal,deptno from emp
  2* order by deptno desc ,job
SQL> /

ENAME      JOB              SAL     DEPTNO                                                          
---------- --------- ---------- ----------                                                          
                                                                                                    
MILLER     CLERK           1300         40                                                          
JAMES      CLERK            950         30                                                          
BLAKE      MANAGER         2850         30                                                          
MARTIN     SALESMAN        1250         30                                                          
WARD       SALESMAN        1250         30                                                          
ALLEN      SALESMAN        1600         30                                                          
TURNER     SALESMAN        1500         30                                                          
FORD       ANALYST         3000         20                                                          
SCOTT      ANALYST         3000         20                                                          
SMITH      CLERK            800         20                                                          

ENAME      JOB              SAL     DEPTNO                                                          
---------- --------- ---------- ----------                                                          
ADAMS      CLERK           1100         20                                                          
JONES      MANAGER         2975         20                                                          
CLARK      MANAGER         2450         10                                                          
KING       PRESIDENT       5000         10                                                          

15 rows selected.

SQL> ed
Wrote file afiedt.buf

  1  select ename,job,sal,deptno from emp
  2* order by (deptno,job)
SQL> /
order by (deptno,job)
                *
ERROR at line 2:
ORA-00907: missing right parenthesis 


SQL> ed
Wrote file afiedt.buf

  1  select ename,job,sal,deptno from emp
  2* order by in(deptno,job)
SQL> /
order by in(deptno,job)
         *
ERROR at line 2:
ORA-00936: missing expression 


SQL> select * from emp;

     EMPNO ENAME      JOB              MGR HIREDATE         SAL       COMM     DEPTNO               
---------- ---------- --------- ---------- --------- ---------- ---------- ----------               
      7369 SMITH      CLERK           7902 17-DEC-80        800                    20               
      7499 ALLEN      SALESMAN        7698 20-FEB-81       1600        300         30               
      7521 WARD       SALESMAN        7698 22-FEB-81       1250        500         30               
      7566 JONES      MANAGER         7839 02-APR-81       2975                    20               
      7654 MARTIN     SALESMAN        7698 28-SEP-81       1250       1400         30               
      7698 BLAKE      MANAGER         7839 01-MAY-81       2850                    30               
      7782 CLARK      MANAGER         7839 09-JUN-81       2450                    10               
      7788 SCOTT      ANALYST         7566 09-DEC-82       3000                    20               
      7839 KING       PRESIDENT            17-NOV-81       5000                    10               
      7844 TURNER     SALESMAN        7698 08-SEP-81       1500          0         30               
      7876 ADAMS      CLERK           7788 12-JAN-83       1100                    20               

     EMPNO ENAME      JOB              MGR HIREDATE         SAL       COMM     DEPTNO               
---------- ---------- --------- ---------- --------- ---------- ---------- ----------               
      7900 JAMES      CLERK           7698 03-DEC-81        950                    30               
      7902 FORD       ANALYST         7566 03-DEC-81       3000                    20               
      7934 MILLER     CLERK           7782 23-JAN-82       1300                    40               
      7001                            7001                                                          

15 rows selected.

SQL> select * from emp order by 3;

     EMPNO ENAME      JOB              MGR HIREDATE         SAL       COMM     DEPTNO               
---------- ---------- --------- ---------- --------- ---------- ---------- ----------               
      7788 SCOTT      ANALYST         7566 09-DEC-82       3000                    20               
      7902 FORD       ANALYST         7566 03-DEC-81       3000                    20               
      7369 SMITH      CLERK           7902 17-DEC-80        800                    20               
      7934 MILLER     CLERK           7782 23-JAN-82       1300                    40               
      7900 JAMES      CLERK           7698 03-DEC-81        950                    30               
      7876 ADAMS      CLERK           7788 12-JAN-83       1100                    20               
      7698 BLAKE      MANAGER         7839 01-MAY-81       2850                    30               
      7566 JONES      MANAGER         7839 02-APR-81       2975                    20               
      7782 CLARK      MANAGER         7839 09-JUN-81       2450                    10               
      7839 KING       PRESIDENT            17-NOV-81       5000                    10               
      7844 TURNER     SALESMAN        7698 08-SEP-81       1500          0         30               

     EMPNO ENAME      JOB              MGR HIREDATE         SAL       COMM     DEPTNO               
---------- ---------- --------- ---------- --------- ---------- ---------- ----------               
      7521 WARD       SALESMAN        7698 22-FEB-81       1250        500         30               
      7499 ALLEN      SALESMAN        7698 20-FEB-81       1600        300         30               
      7654 MARTIN     SALESMAN        7698 28-SEP-81       1250       1400         30               
      7001                            7001                                                          

15 rows selected.

SQL> select ename,sal,sal*12 netsal from emp
  2  order by netsal;

ENAME             SAL     NETSAL                                                                    
---------- ---------- ----------                                                                    
SMITH             800       9600                                                                    
JAMES             950      11400                                                                    
ADAMS            1100      13200                                                                    
WARD             1250      15000                                                                    
MARTIN           1250      15000                                                                    
MILLER           1300      15600                                                                    
TURNER           1500      18000                                                                    
ALLEN            1600      19200                                                                    
CLARK            2450      29400                                                                    
BLAKE            2850      34200                                                                    
JONES            2975      35700                                                                    

ENAME             SAL     NETSAL                                                                    
---------- ---------- ----------                                                                    
FORD             3000      36000                                                                    
SCOTT            3000      36000                                                                    
KING             5000      60000                                                                    
                                                                                                    

15 rows selected.

SQL> select ename,job,sal from emp
  2  where job='clerk';

no rows selected

SQL> ed
Wrote file afiedt.buf

  1  select ename,job,sal from emp
  2* where job='CLERK'
SQL> /

ENAME      JOB              SAL                                                                     
---------- --------- ----------                                                                     
SMITH      CLERK            800                                                                     
ADAMS      CLERK           1100                                                                     
JAMES      CLERK            950                                                                     
MILLER     CLERK           1300                                                                     

SQL> ED
Wrote file afiedt.buf

  1  select ename,job,sal from emp
  2  where job='CLERK'
  3* ORDER BY SAL 
  4  /

ENAME      JOB              SAL                                                                     
---------- --------- ----------                                                                     
SMITH      CLERK            800                                                                     
JAMES      CLERK            950                                                                     
ADAMS      CLERK           1100                                                                     
MILLER     CLERK           1300                                                                     

SQL> VAR A VARCHAR2(10);
SQL> EXEC :A:='NIT';

PL/SQL procedure successfully completed.

SQL> SELECT LOWER(:A) FROM DUAL;

LOWER(:A)                                                                                           
--------------------------------                                                                    
nit                                                                                                 

SQL> ED
Wrote file afiedt.buf

  1* SELECT LOWR(:A) FROM DUAL
SQL> /
SELECT LOWR(:A) FROM DUAL
       *
ERROR at line 1:
ORA-00904: "LOWR": invalid identifier 


SQL> SELECT LOWER(ENAME) FROM EMP;

LOWER(ENAM                                                                                          
----------                                                                                          
smith                                                                                               
allen                                                                                               
ward                                                                                                
jones                                                                                               
martin                                                                                              
blake                                                                                               
clark                                                                                               
scott                                                                                               
king                                                                                                
turner                                                                                              
adams                                                                                               

LOWER(ENAM                                                                                          
----------                                                                                          
james                                                                                               
ford                                                                                                
miller                                                                                              
                                                                                                    

15 rows selected.

SQL> SELECT ENAME,SAL,JOB FROM EMP
  2  WHERE LOWER(JOB)='manager';

ENAME             SAL JOB                                                                           
---------- ---------- ---------                                                                     
JONES            2975 MANAGER                                                                       
BLAKE            2850 MANAGER                                                                       
CLARK            2450 MANAGER                                                                       

SQL> SELECT UPPER('HAI THIS IS VINO') FROM DUAL;

UPPER('HAITHISIS                                                                                    
----------------                                                                                    
HAI THIS IS VINO                                                                                    

SQL> ED
Wrote file afiedt.buf

  1* SELECT LOWER('HAI THIS IS VINO') FROM DUAL
SQL> /

LOWER('HAITHISIS                                                                                    
----------------                                                                                    
hai this is vino                                                                                    

SQL> select upper('the'||ename||'of'||empno||' is '||sal+comm netsal)
  2  from emp
  3  where job in(upper('manager'),upper('clerk'));
select upper('the'||ename||'of'||empno||' is '||sal+comm netsal)
                                                         *
ERROR at line 1:
ORA-00907: missing right parenthesis 


SQL> select upper(sal) from emp;

UPPER(SAL)                                                                                          
----------------------------------------                                                            
800                                                                                                 
1600                                                                                                
1250                                                                                                
2975                                                                                                
1250                                                                                                
2850                                                                                                
2450                                                                                                
3000                                                                                                
5000                                                                                                
1500                                                                                                
1100                                                                                                

UPPER(SAL)                                                                                          
----------------------------------------                                                            
950                                                                                                 
3000                                                                                                
1300                                                                                                
                                                                                                    

15 rows selected.

SQL>  select upper('the'||ename||'of'||empno||' is '||sal+comm )
  2   from emp
  3   where job in(upper('manager'),upper('clerk'));
 select upper('the'||ename||'of'||empno||' is '||sal+comm )
                                                *
ERROR at line 1:
ORA-01722: invalid number 


SQL> select sal+comm from emp;

  SAL+COMM                                                                                          
----------                                                                                          
                                                                                                    
      1900                                                                                          
      1750                                                                                          
                                                                                                    
      2650                                                                                          
                                                                                                    
                                                                                                    
                                                                                                    
                                                                                                    
      1500                                                                                          
                                                                                                    

  SAL+COMM                                                                                          
----------                                                                                          
                                                                                                    
                                                                                                    
                                                                                                    
                                                                                                    

15 rows selected.

SQL> ed
Wrote file afiedt.buf

  1* select sal+comm from emp
SQL>  select upper('the'||ename||'of'||empno||' is '||sal+comm )
  2   from emp
  3   where job in(upper('manager'),upper('clerk'));
 select upper('the'||ename||'of'||empno||' is '||sal+comm )
                                                *
ERROR at line 1:
ORA-01722: invalid number 


SQL> ed
Wrote file afiedt.buf

  1   select upper('the'||ename||'of'||empno||' is '||sal )
  2   from emp
  3*  where job in(upper('manager'),upper('clerk'))
SQL> /

UPPER('THE'||ENAME||'OF'||EMPNO||'IS'||SAL)                                                         
--------------------------------------------------------------------------------------------------- 
THESMITHOF7369 IS 800                                                                               
THEJONESOF7566 IS 2975                                                                              
THEBLAKEOF7698 IS 2850                                                                              
THECLARKOF7782 IS 2450                                                                              
THEADAMSOF7876 IS 1100                                                                              
THEJAMESOF7900 IS 950                                                                               
THEMILLEROF7934 IS 1300                                                                             

7 rows selected.

SQL> ed
Wrote file afiedt.buf

  1   select upper('the'||ename||'of'||empno||' is '||(sal+comm))
  2   from emp
  3*  where job in(upper('manager'),upper('clerk'))
SQL> /

UPPER('THE'||ENAME||'OF'||EMPNO||'IS'||(SAL+COMM))                                                  
--------------------------------------------------------------------------------------------------- 
THESMITHOF7369 IS                                                                                   
THEJONESOF7566 IS                                                                                   
THEBLAKEOF7698 IS                                                                                   
THECLARKOF7782 IS                                                                                   
THEADAMSOF7876 IS                                                                                   
THEJAMESOF7900 IS                                                                                   
THEMILLEROF7934 IS                                                                                  

7 rows selected.

SQL> ed
Wrote file afiedt.buf

  1   select upper('the'||ename||'of'||empno||' is '||(sal+nvl2(comm,comm+100,0)))
  2   from emp
  3*  where job in(upper('manager'),upper('clerk'))
SQL> /

UPPER('THE'||ENAME||'OF'||EMPNO||'IS'||(SAL+NVL2(COMM,COMM+100,0)))                                 
--------------------------------------------------------------------------------------------------- 
THESMITHOF7369 IS 800                                                                               
THEJONESOF7566 IS 2975                                                                              
THEBLAKEOF7698 IS 2850                                                                              
THECLARKOF7782 IS 2450                                                                              
THEADAMSOF7876 IS 1100                                                                              
THEJAMESOF7900 IS 950                                                                               
THEMILLEROF7934 IS 1300                                                                             

7 rows selected.

SQL> ed
Wrote file afiedt.buf

  1   select upper('the'||ename||'of'||' sal is '||sal ||' net sal is '||empno||' is '||(sal+nvl2(comm,comm+100,0)))
  2   from emp
  3*  where job in(upper('manager'),upper('clerk'))
SQL> /

UPPER('THE'||ENAME||'OF'||'SALIS'||SAL||'NETSALIS'||EMPNO||'IS'||(SAL+NVL2(COMM,COMM+100,0)))       
----------------------------------------------------------------------------------------------------
THESMITHOF SAL IS 800 NET SAL IS 7369 IS 800                                                        
THEJONESOF SAL IS 2975 NET SAL IS 7566 IS 2975                                                      
THEBLAKEOF SAL IS 2850 NET SAL IS 7698 IS 2850                                                      
THECLARKOF SAL IS 2450 NET SAL IS 7782 IS 2450                                                      
THEADAMSOF SAL IS 1100 NET SAL IS 7876 IS 1100                                                      
THEJAMESOF SAL IS 950 NET SAL IS 7900 IS 950                                                        
THEMILLEROF SAL IS 1300 NET SAL IS 7934 IS 1300                                                     

7 rows selected.

SQL> select sal,sal+comm from emp;

       SAL   SAL+COMM                                                                               
---------- ----------                                                                               
       800                                                                                          
      1600       1900                                                                               
      1250       1750                                                                               
      2975                                                                                          
      1250       2650                                                                               
      2850                                                                                          
      2450                                                                                          
      3000                                                                                          
      5000                                                                                          
      1500       1500                                                                               
      1100                                                                                          

       SAL   SAL+COMM                                                                               
---------- ----------                                                                               
       950                                                                                          
      3000                                                                                          
      1300                                                                                          
                                                                                                    

15 rows selected.

SQL> select sal,sal+nvl2(comm,100,0) from emp;

       SAL SAL+NVL2(COMM,100,0)                                                                     
---------- --------------------                                                                     
       800                  800                                                                     
      1600                 1700                                                                     
      1250                 1350                                                                     
      2975                 2975                                                                     
      1250                 1350                                                                     
      2850                 2850                                                                     
      2450                 2450                                                                     
      3000                 3000                                                                     
      5000                 5000                                                                     
      1500                 1600                                                                     
      1100                 1100                                                                     

       SAL SAL+NVL2(COMM,100,0)                                                                     
---------- --------------------                                                                     
       950                  950                                                                     
      3000                 3000                                                                     
      1300                 1300                                                                     
                                                                                                    

15 rows selected.

SQL> select sal,sal+nvl2(comm,100,0) from emp where job in('MANAGER','CLERK');

       SAL SAL+NVL2(COMM,100,0)                                                                     
---------- --------------------                                                                     
       800                  800                                                                     
      2975                 2975                                                                     
      2850                 2850                                                                     
      2450                 2450                                                                     
      1100                 1100                                                                     
       950                  950                                                                     
      1300                 1300                                                                     

7 rows selected.

SQL> SELECT * FROM EMP;

     EMPNO ENAME      JOB              MGR HIREDATE         SAL       COMM     DEPTNO               
---------- ---------- --------- ---------- --------- ---------- ---------- ----------               
      7369 SMITH      CLERK           7902 17-DEC-80        800                    20               
      7499 ALLEN      SALESMAN        7698 20-FEB-81       1600        300         30               
      7521 WARD       SALESMAN        7698 22-FEB-81       1250        500         30               
      7566 JONES      MANAGER         7839 02-APR-81       2975                    20               
      7654 MARTIN     SALESMAN        7698 28-SEP-81       1250       1400         30               
      7698 BLAKE      MANAGER         7839 01-MAY-81       2850                    30               
      7782 CLARK      MANAGER         7839 09-JUN-81       2450                    10               
      7788 SCOTT      ANALYST         7566 09-DEC-82       3000                    20               
      7839 KING       PRESIDENT            17-NOV-81       5000                    10               
      7844 TURNER     SALESMAN        7698 08-SEP-81       1500          0         30               
      7876 ADAMS      CLERK           7788 12-JAN-83       1100                    20               

     EMPNO ENAME      JOB              MGR HIREDATE         SAL       COMM     DEPTNO               
---------- ---------- --------- ---------- --------- ---------- ---------- ----------               
      7900 JAMES      CLERK           7698 03-DEC-81        950                    30               
      7902 FORD       ANALYST         7566 03-DEC-81       3000                    20               
      7934 MILLER     CLERK           7782 23-JAN-82       1300                    40               
      7001                            7001                                                          

15 rows selected.

SQL> SELECT INITCAP(ENAME) FROM EMP;

INITCAP(EN                                                                                          
----------                                                                                          
Smith                                                                                               
Allen                                                                                               
Ward                                                                                                
Jones                                                                                               
Martin                                                                                              
Blake                                                                                               
Clark                                                                                               
Scott                                                                                               
King                                                                                                
Turner                                                                                              
Adams                                                                                               

INITCAP(EN                                                                                          
----------                                                                                          
James                                                                                               
Ford                                                                                                
Miller                                                                                              
                                                                                                    

15 rows selected.

SQL> SELECT INITCAP('HAI VINOD KUMAR DOING ORACLE SOFTWARE SOLUTION S COMPANY') FROM DUAL;

INITCAP('HAIVINODKUMARDOINGORACLESOFTWARESOLUTIONSCOMPAN                                            
--------------------------------------------------------                                            
Hai Vinod Kumar Doing Oracle Software Solution S Company                                            

SQL> SELECT CONCAT('VINOD','KUMAR') FROM DUAL;

CONCAT('VI                                                                                          
----------                                                                                          
VINODKUMAR                                                                                          

SQL> SELECT CONCAT('VINOD','KUMAR',' GANORE') FROM DUAL;
SELECT CONCAT('VINOD','KUMAR',' GANORE') FROM DUAL
       *
ERROR at line 1:
ORA-00909: invalid number of arguments 


SQL> SELECT CONCAT(CONCAT('VINOD','KUMAR'),' GANORE') FROM DUAL;

CONCAT(CONCAT('VI                                                                                   
-----------------                                                                                   
VINODKUMAR GANORE                                                                                   

SQL> DEFINE_EDITOR=ED;
SQL> ED
Wrote file afiedt.buf

  1* SELECT CONCAT(CONCAT('VINOD','KUMAR'),' GANORE') FROM DUAL
SQL> ED
Wrote file afiedt.buf

  1* SELECT CONCAT(CONCAT('VINOD','KUMAR'),' GANORE') FROM DUAL
SQL> ED
Wrote file afiedt.buf

  1* SELECT CONCAT(CONCAT('VINOD','KUMAR'),' GANORE') FROM DUAL
SQL> DEFINE_EDITOR=NOTEPAD;
SQL> ED
Wrote file afiedt.buf

  1* SELECT CONCAT(CONCAT('VINOD','KUMAR'),' GANORE') FROM DUAL
SQL> ED
Wrote file afiedt.buf

  1* SELECT CONCAT(CONCAT('VINOD','KUMAR'),' GANORE') FROM DUAL
SQL> SPOOL OFF;
